******************************************************************************
                  TI ARM Linker PC v17.6.0                     
******************************************************************************
>> Linked Fri Oct  6 17:11:30 2017

OUTPUT FILE NAME:   <rya_gui_xe.out>
ENTRY POINT SYMBOL: "_c_int00"  address: 00000481


MEMORY CONFIGURATION

         name            origin    length      used     unused   attr    fill
----------------------  --------  ---------  --------  --------  ----  --------
  FLASH                 00000000   00040000  00000520  0003fae0  R  X
  SRAM                  20000000   00008000  00000214  00007dec  RW X


SEGMENT ALLOCATION MAP

run origin  load origin   length   init length attrs members
----------  ----------- ---------- ----------- ----- -------
00000000    00000000    00000520   00000520    r-x
  00000000    00000000    0000026c   0000026c    r-- .intvecs
  0000026c    0000026c    00000294   00000294    r-x .text
  00000500    00000500    00000020   00000020    r-- .cinit
20000000    20000000    00000214   00000000    rw-
  20000000    20000000    00000200   00000000    rw- .stack
  20000200    20000200    00000014   00000000    rw- .data


SECTION ALLOCATION MAP

 output                                  attributes/
section   page    origin      length       input sections
--------  ----  ----------  ----------   ----------------
.intvecs   0    00000000    0000026c     
                  00000000    0000026c     tm4c123gh6pm_startup_ccs.obj (.intvecs)

.text      0    0000026c    00000294     
                  0000026c    0000009c     rtsv7M4_T_le_v4SPD16_eabi.lib : memcpy_t2.obj (.text)
                  00000308    00000070                                   : autoinit.obj (.text)
                  00000378    00000068                                   : copy_decompress_lzss.obj (.text:decompress:lzss)
                  000003e0    00000054                                   : exit.obj (.text)
                  00000434    0000004c                                   : cpy_tbl.obj (.text)
                  00000480    00000030                                   : boot_cortex_m.obj (.text)
                  000004b0    00000018                                   : args_main.obj (.text)
                  000004c8    00000014                                   : _lock.obj (.text)
                  000004dc    0000000e                                   : copy_decompress_none.obj (.text:decompress:none)
                  000004ea    0000000c     tm4c123gh6pm_startup_ccs.obj (.text)
                  000004f6    00000004     main.obj (.text)
                  000004fa    00000004     rtsv7M4_T_le_v4SPD16_eabi.lib : pre_init.obj (.text)
                  000004fe    00000002                                   : startup.obj (.text)

.cinit     0    00000500    00000020     
                  00000500    0000000e     (.cinit..data.load) [load image, compression = lzss]
                  0000050e    00000002     --HOLE-- [fill = 0]
                  00000510    00000008     (__TI_handler_table)
                  00000518    00000008     (__TI_cinit_table)

.init_array 
*          0    00000000    00000000     UNINITIALIZED

.data      0    20000200    00000014     UNINITIALIZED
                  20000200    0000000c     rtsv7M4_T_le_v4SPD16_eabi.lib : exit.obj (.data:$O1$$)
                  2000020c    00000008                                   : _lock.obj (.data:$O1$$)

.stack     0    20000000    00000200     UNINITIALIZED
                  20000000    00000004     rtsv7M4_T_le_v4SPD16_eabi.lib : boot_cortex_m.obj (.stack)
                  20000004    000001fc     --HOLE--

MODULE SUMMARY

       Module                         code   ro data   rw data
       ------                         ----   -------   -------
    .\
       tm4c123gh6pm_startup_ccs.obj   12     620       0      
       main.obj                       4      0         0      
    +--+------------------------------+------+---------+---------+
       Total:                         16     620       0      
                                                              
    C:\ti\ccsv7\tools\compiler\ti-cgt-arm_17.6.0.STS\lib\rtsv7M4_T_le_v4SPD16_eabi.lib
       memcpy_t2.obj                  156    0         0      
       autoinit.obj                   112    0         0      
       copy_decompress_lzss.obj       104    0         0      
       exit.obj                       84     0         12     
       cpy_tbl.obj                    76     0         0      
       boot_cortex_m.obj              48     0         0      
       _lock.obj                      20     0         8      
       args_main.obj                  24     0         0      
       copy_decompress_none.obj       14     0         0      
       pre_init.obj                   4      0         0      
       startup.obj                    2      0         0      
    +--+------------------------------+------+---------+---------+
       Total:                         644    0         20     
                                                              
       Stack:                         0      0         512    
       Linker Generated:              0      30        0      
    +--+------------------------------+------+---------+---------+
       Grand Total:                   660    650       532    


LINKER GENERATED COPY TABLES

__TI_cinit_table @ 00000518 records: 1, size/record: 8, table size: 8
	.data: load addr=00000500, load size=0000000e bytes, run addr=20000200, run size=00000014 bytes, compression=lzss


LINKER GENERATED HANDLER TABLE

__TI_handler_table @ 00000510 records: 2, size/record: 4, table size: 8
	index: 0, handler: __TI_decompress_lzss
	index: 1, handler: __TI_decompress_none


GLOBAL SYMBOLS: SORTED ALPHABETICALLY BY Name 

address   name                           
-------   ----                           
000003e1  C$$EXIT                        
000004eb  ResetISR                       
UNDEFED   SHT$$INIT_ARRAY$$Base          
UNDEFED   SHT$$INIT_ARRAY$$Limit         
20000200  __STACK_END                    
00000200  __STACK_SIZE                   
20000200  __STACK_TOP                    
00000518  __TI_CINIT_Base                
00000520  __TI_CINIT_Limit               
00000510  __TI_Handler_Table_Base        
00000518  __TI_Handler_Table_Limit       
00000309  __TI_auto_init                 
20000200  __TI_cleanup_ptr               
00000379  __TI_decompress_lzss           
000004dd  __TI_decompress_none           
20000204  __TI_dtors_ptr                 
20000208  __TI_enable_exit_profile_output
ffffffff  __TI_pprof_out_hndl            
ffffffff  __TI_prof_data_size            
ffffffff  __TI_prof_data_start           
00000000  __TI_static_base__             
0000026d  __aeabi_memcpy                 
0000026d  __aeabi_memcpy4                
0000026d  __aeabi_memcpy8                
ffffffff  __binit__                      
ffffffff  __c_args__                     
UNDEFED   __mpu_init                     
20000000  __stack                        
000004b1  _args_main                     
00000481  _c_int00                       
2000020c  _lock                          
000004d7  _nop                           
000004cf  _register_lock                 
000004c9  _register_unlock               
000004ff  _system_post_cinit             
000004fb  _system_pre_init               
20000210  _unlock                        
000003e5  abort                          
ffffffff  binit                          
00000435  copy_in                        
000003ed  exit                           
00000000  g_pfnVectors                   
000004f7  main                           
0000026d  memcpy                         


GLOBAL SYMBOLS: SORTED BY Symbol Address 

address   name                           
-------   ----                           
00000000  __TI_static_base__             
00000000  g_pfnVectors                   
00000200  __STACK_SIZE                   
0000026d  __aeabi_memcpy                 
0000026d  __aeabi_memcpy4                
0000026d  __aeabi_memcpy8                
0000026d  memcpy                         
00000309  __TI_auto_init                 
00000379  __TI_decompress_lzss           
000003e1  C$$EXIT                        
000003e5  abort                          
000003ed  exit                           
00000435  copy_in                        
00000481  _c_int00                       
000004b1  _args_main                     
000004c9  _register_unlock               
000004cf  _register_lock                 
000004d7  _nop                           
000004dd  __TI_decompress_none           
000004eb  ResetISR                       
000004f7  main                           
000004fb  _system_pre_init               
000004ff  _system_post_cinit             
00000510  __TI_Handler_Table_Base        
00000518  __TI_CINIT_Base                
00000518  __TI_Handler_Table_Limit       
00000520  __TI_CINIT_Limit               
20000000  __stack                        
20000200  __STACK_END                    
20000200  __STACK_TOP                    
20000200  __TI_cleanup_ptr               
20000204  __TI_dtors_ptr                 
20000208  __TI_enable_exit_profile_output
2000020c  _lock                          
20000210  _unlock                        
ffffffff  __TI_pprof_out_hndl            
ffffffff  __TI_prof_data_size            
ffffffff  __TI_prof_data_start           
ffffffff  __binit__                      
ffffffff  __c_args__                     
ffffffff  binit                          
UNDEFED   SHT$$INIT_ARRAY$$Base          
UNDEFED   SHT$$INIT_ARRAY$$Limit         
UNDEFED   __mpu_init                     

[44 symbols]
